2026-09-02 23:01:11 [WARNING ] arbfinder.normalization.unresolved_log (unresolved_log.py:123): Unresolved home_team 'Mykyta Smyrnov' for book 'Betano' (event 91785662)
2026-09-02 23:01:11 [WARNING ] arbfinder.normalization.unresolved_log (unresolved_log.py:106): Normalization failed for book 'Betano' event 91785662 (team: Mykyta Smyrnov / Serhii Kalenyk)
2026-09-02 23:01:11 [WARNING ] arbfinder.normalization.unresolved_log (unresolved_log.py:123): Unresolved home_team 'Serhii Ponomarenko' for book 'Betano' (event 91785524)
2026-09-02 23:01:11 [WARNING ] arbfinder.normalization.unresolved_log (unresolved_log.py:106): Normalization failed for book 'Betano' event 91785524 (team: Serhii Ponomarenko / Oleksandr Kovalchuk)
2026-09-02 23:01:11 [WARNING ] arbfinder.normalization.unresolved_log (unresolved_log.py:123): Unresolved home_team 'Serhii Ponomarenko' for book 'Betano' (event 91785524)
2026-09-02 23:01:11 [WARNING ] arbfinder.normalization.unresolved_log (unresolved_log.py:106): Normalization failed for book 'Betano' event 91785524 (team: Serhii Ponomarenko / Oleksandr Kovalchuk)
2026-09-02 23:01:11 [WARNING ] arbfinder.normalization.unresolved_log (unresolved_log.py:123): Unresolved home_team 'Serhii Ponomarenko' for book 'Betano' (event 91785524)
2026-09-02 23:01:11 [WARNING ] arbfinder.normalization.unresolved_log (unresolved_log.py:106): Normalization failed for book 'Betano' event 91785524 (team: Serhii Ponomarenko / Oleksandr Kovalchuk)
2026-09-02 23:01:11 [WARNING ] arbfinder.normalization.unresolved_log (unresolved_log.py:123): Unresolved home_team 'Serhii Ponomarenko' for book 'Betano' (event 91785524)
2026-09-02 23:01:11 [WARNING ] arbfinder.normalization.unresolved_log (unresolved_log.py:106): Normalization failed for book 'Betano' event 91785524 (team: Serhii Ponomarenko / Oleksandr Kovalchuk)
2026-09-02 23:01:11 [WARNING ] arbfinder.normalization.unresolved_log (unresolved_log.py:123): Unresolved home_team 'Serhii Ponomarenko' for book 'Betano' (event 91785524)
2026-09-02 23:01:11 [WARNING ] arbfinder.normalization.unresolved_log (unresolved_log.py:106): Normalization failed for book 'Betano' event 91785524 (team: Serhii Ponomarenko / Oleksandr Kovalchuk)
2026-09-02 23:01:11 [WARNING ] arbfinder.normalization.unresolved_log (unresolved_log.py:123): Unresolved home_team 'Serhii Ponomarenko' for book 'Betano' (event 91785524)
2026-09-02 23:01:11 [WARNING ] arbfinder.normalization.unresolved_log (unresolved_log.py:106): Normalization failed for book 'Betano' event 91785524 (team: Serhii Ponomarenko / Oleksandr Kovalchuk)
2026-09-02 23:01:12 [INFO    ] arbfinder.pipeline.orchestrator (orchestrator.py:248): Initiating graceful shutdown (timeout=15s)…
2026-09-02 23:01:12 [INFO    ] arbfinder.pipeline.orchestrator (orchestrator.py:259): UI server shutting down
2026-09-02 23:01:12 [INFO    ] arbfinder.pipeline.book_pipeline (book_pipeline.py:285): [Caesars] Disconnecting CDP client
2026-09-02 23:01:12 [INFO    ] arbfinder.cdp.client (client.py:186): CDP Websocket closed (code None): None
2026-09-02 23:01:12 [WARNING ] arbfinder.normalization.unresolved_log (unresolved_log.py:123): Unresolved home_team 'Mei Yamaguchi' for book 'Betano' (event 91765926)
2026-09-02 23:01:12 [WARNING ] arbfinder.normalization.unresolved_log (unresolved_log.py:106): Normalization failed for book 'Betano' event 91765926 (team: Mei Yamaguchi / Zhuoxuan Bai)
2026-09-02 23:01:12 [WARNING ] arbfinder.normalization.unresolved_log (unresolved_log.py:123): Unresolved home_team 'Mei Yamaguchi' for book 'Betano' (event 91765926)
2026-09-02 23:01:12 [WARNING ] arbfinder.normalization.unresolved_log (unresolved_log.py:106): Normalization failed for book 'Betano' event 91765926 (team: Mei Yamaguchi / Zhuoxuan Bai)
2026-09-02 23:01:12 [WARNING ] arbfinder.normalization.unresolved_log (unresolved_log.py:123): Unresolved home_team 'Mei Yamaguchi' for book 'Betano' (event 91765926)
2026-09-02 23:01:12 [WARNING ] arbfinder.normalization.unresolved_log (unresolved_log.py:106): Normalization failed for book 'Betano' event 91765926 (team: Mei Yamaguchi / Zhuoxuan Bai)
2026-09-02 23:01:12 [WARNING ] arbfinder.normalization.unresolved_log (unresolved_log.py:123): Unresolved home_team 'Mei Yamaguchi' for book 'Betano' (event 91765926)
2026-09-02 23:01:12 [WARNING ] arbfinder.normalization.unresolved_log (unresolved_log.py:106): Normalization failed for book 'Betano' event 91765926 (team: Mei Yamaguchi / Zhuoxuan Bai)
2026-09-02 23:01:12 [WARNING ] arbfinder.normalization.unresolved_log (unresolved_log.py:123): Unresolved home_team 'Mei Yamaguchi' for book 'Betano' (event 91765926)
2026-09-02 23:01:12 [WARNING ] arbfinder.normalization.unresolved_log (unresolved_log.py:106): Normalization failed for book 'Betano' event 91765926 (team: Mei Yamaguchi / Zhuoxuan Bai)
2026-09-02 23:01:12 [WARNING ] arbfinder.normalization.unresolved_log (unresolved_log.py:123): Unresolved home_team 'Mei Yamaguchi' for book 'Betano' (event 91765926)
2026-09-02 23:01:12 [WARNING ] arbfinder.normalization.unresolved_log (unresolved_log.py:106): Normalization failed for book 'Betano' event 91765926 (team: Mei Yamaguchi / Zhuoxuan Bai)
2026-09-02 23:01:12 [WARNING ] arbfinder.normalization.unresolved_log (unresolved_log.py:123): Unresolved home_team 'B Dortmund (Lumix) (Esports)' for book 'Betano' (event 91796973)
2026-09-02 23:01:12 [WARNING ] arbfinder.normalization.unresolved_log (unresolved_log.py:106): Normalization failed for book 'Betano' event 91796973 (team: B Dortmund (Lumix) (Esports) / Sporting CP (Ganger_29) (Esports))
2026-09-02 23:01:12 [WARNING ] arbfinder.normalization.unresolved_log (unresolved_log.py:123): Unresolved home_team 'B Dortmund (Lumix) (Esports)' for book 'Betano' (event 91796973)
2026-09-02 23:01:12 [WARNING ] arbfinder.normalization.unresolved_log (unresolved_log.py:106): Normalization failed for book 'Betano' event 91796973 (team: B Dortmund (Lumix) (Esports) / Sporting CP (Ganger_29) (Esports))
2026-09-02 23:01:12 [WARNING ] arbfinder.normalization.unresolved_log (unresolved_log.py:123): Unresolved home_team 'B Dortmund (Lumix) (Esports)' for book 'Betano' (event 91796973)
2026-09-02 23:01:12 [WARNING ] arbfinder.normalization.unresolved_log (unresolved_log.py:106): Normalization failed for book 'Betano' event 91796973 (team: B Dortmund (Lumix) (Esports) / Sporting CP (Ganger_29) (Esports))
2026-09-02 23:01:12 [WARNING ] arbfinder.normalization.unresolved_log (unresolved_log.py:123): Unresolved home_team 'B Dortmund (Lumix) (Esports)' for book 'Betano' (event 91796973)
2026-09-02 23:01:12 [WARNING ] arbfinder.normalization.unresolved_log (unresolved_log.py:106): Normalization failed for book 'Betano' event 91796973 (team: B Dortmund (Lumix) (Esports) / Sporting CP (Ganger_29) (Esports))
2026-09-02 23:01:12 [WARNING ] arbfinder.normalization.unresolved_log (unresolved_log.py:123): Unresolved home_team 'B Dortmund (Lumix) (Esports)' for book 'Betano' (event 91796973)
2026-09-02 23:01:12 [WARNING ] arbfinder.normalization.unresolved_log (unresolved_log.py:106): Normalization failed for book 'Betano' event 91796973 (team: B Dortmund (Lumix) (Esports) / Sporting CP (Ganger_29) (Esports))
2026-09-02 23:01:12 [WARNING ] arbfinder.normalization.unresolved_log (unresolved_log.py:123): Unresolved home_team 'B Dortmund (Lumix) (Esports)' for book 'Betano' (event 91796973)
2026-09-02 23:01:12 [WARNING ] arbfinder.normalization.unresolved_log (unresolved_log.py:106): Normalization failed for book 'Betano' event 91796973 (team: B Dortmund (Lumix) (Esports) / Sporting CP (Ganger_29) (Esports))
2026-09-02 23:01:12 [WARNING ] arbfinder.normalization.unresolved_log (unresolved_log.py:123): Unresolved home_team 'B Dortmund (Lumix) (Esports)' for book 'Betano' (event 91796973)
2026-09-02 23:01:12 [WARNING ] arbfinder.normalization.unresolved_log (unresolved_log.py:106): Normalization failed for book 'Betano' event 91796973 (team: B Dortmund (Lumix) (Esports) / Sporting CP (Ganger_29) (Esports))
2026-09-02 23:01:12 [WARNING ] arbfinder.normalization.unresolved_log (unresolved_log.py:123): Unresolved home_team 'Jaime Faria' for book 'Betano' (event 91732544)
2026-09-02 23:01:12 [WARNING ] arbfinder.normalization.unresolved_log (unresolved_log.py:106): Normalization failed for book 'Betano' event 91732544 (team: Jaime Faria / Carlos Alcaraz)
2026-09-02 23:01:12 [WARNING ] arbfinder.normalization.unresolved_log (unresolved_log.py:123): Unresolved home_team 'Jaime Faria' for book 'Betano' (event 91732544)
2026-09-02 23:01:12 [WARNING ] arbfinder.normalization.unresolved_log (unresolved_log.py:106): Normalization failed for book 'Betano' event 91732544 (team: Jaime Faria / Carlos Alcaraz)
2026-09-02 23:01:12 [WARNING ] arbfinder.normalization.unresolved_log (unresolved_log.py:123): Unresolved home_team 'Jaime Faria' for book 'Betano' (event 91732544)
2026-09-02 23:01:12 [WARNING ] arbfinder.normalization.unresolved_log (unresolved_log.py:106): Normalization failed for book 'Betano' event 91732544 (team: Jaime Faria / Carlos Alcaraz)
2026-09-02 23:01:12 [WARNING ] arbfinder.normalization.unresolved_log (unresolved_log.py:123): Unresolved home_team 'Jaime Faria' for book 'Betano' (event 91732544)
2026-09-02 23:01:12 [WARNING ] arbfinder.normalization.unresolved_log (unresolved_log.py:106): Normalization failed for book 'Betano' event 91732544 (team: Jaime Faria / Carlos Alcaraz)
2026-09-02 23:01:12 [WARNING ] arbfinder.normalization.unresolved_log (unresolved_log.py:123): Unresolved home_team 'Jaime Faria' for book 'Betano' (event 91732544)
2026-09-02 23:01:12 [WARNING ] arbfinder.normalization.unresolved_log (unresolved_log.py:106): Normalization failed for book 'Betano' event 91732544 (team: Jaime Faria / Carlos Alcaraz)
2026-09-02 23:01:12 [WARNING ] arbfinder.normalization.unresolved_log (unresolved_log.py:123): Unresolved home_team 'Jaime Faria' for book 'Betano' (event 91732544)
2026-09-02 23:01:12 [WARNING ] arbfinder.normalization.unresolved_log (unresolved_log.py:106): Normalization failed for book 'Betano' event 91732544 (team: Jaime Faria / Carlos Alcaraz)
2026-09-02 23:01:12 [WARNING ] arbfinder.normalization.unresolved_log (unresolved_log.py:123): Unresolved home_team 'Jaime Faria' for book 'Betano' (event 91732544)
2026-09-02 23:01:12 [WARNING ] arbfinder.normalization.unresolved_log (unresolved_log.py:106): Normalization failed for book 'Betano' event 91732544 (team: Jaime Faria / Carlos Alcaraz)
2026-09-02 23:01:12 [WARNING ] arbfinder.normalization.unresolved_log (unresolved_log.py:123): Unresolved home_team 'Jaime Faria' for book 'Betano' (event 91732544)
2026-09-02 23:01:12 [WARNING ] arbfinder.normalization.unresolved_log (unresolved_log.py:106): Normalization failed for book 'Betano' event 91732544 (team: Jaime Faria / Carlos Alcaraz)
2026-09-02 23:01:12 [WARNING ] arbfinder.normalization.unresolved_log (unresolved_log.py:123): Unresolved home_team 'Lanlana Tararudee' for book 'Betano' (event 91737640)
2026-09-02 23:01:12 [WARNING ] arbfinder.normalization.unresolved_log (unresolved_log.py:106): Normalization failed for book 'Betano' event 91737640 (team: Lanlana Tararudee / Linda Noskova)
2026-09-02 23:01:12 [WARNING ] arbfinder.normalization.unresolved_log (unresolved_log.py:123): Unresolved home_team 'Lanlana Tararudee' for book 'Betano' (event 91737640)
2026-09-02 23:01:12 [WARNING ] arbfinder.normalization.unresolved_log (unresolved_log.py:106): Normalization failed for book 'Betano' event 91737640 (team: Lanlana Tararudee / Linda Noskova)
2026-09-02 23:01:12 [WARNING ] arbfinder.normalization.unresolved_log (unresolved_log.py:123): Unresolved home_team 'Lanlana Tararudee' for book 'Betano' (event 91737640)
2026-09-02 23:01:12 [WARNING ] arbfinder.normalization.unresolved_log (unresolved_log.py:106): Normalization failed for book 'Betano' event 91737640 (team: Lanlana Tararudee / Linda Noskova)
2026-09-02 23:01:12 [WARNING ] arbfinder.normalization.unresolved_log (unresolved_log.py:123): Unresolved home_team 'Lanlana Tararudee' for book 'Betano' (event 91737640)
2026-09-02 23:01:12 [WARNING ] arbfinder.normalization.unresolved_log (unresolved_log.py:106): Normalization failed for book 'Betano' event 91737640 (team: Lanlana Tararudee / Linda Noskova)
2026-09-02 23:01:12 [WARNING ] arbfinder.normalization.unresolved_log (unresolved_log.py:123): Unresolved home_team 'Lanlana Tararudee' for book 'Betano' (event 91737640)
2026-09-02 23:01:12 [WARNING ] arbfinder.normalization.unresolved_log (unresolved_log.py:106): Normalization failed for book 'Betano' event 91737640 (team: Lanlana Tararudee / Linda Noskova)
2026-09-02 23:01:12 [WARNING ] arbfinder.normalization.unresolved_log (unresolved_log.py:123): Unresolved home_team 'Lanlana Tararudee' for book 'Betano' (event 91737640)
2026-09-02 23:01:12 [WARNING ] arbfinder.normalization.unresolved_log (unresolved_log.py:106): Normalization failed for book 'Betano' event 91737640 (team: Lanlana Tararudee / Linda Noskova)
2026-09-02 23:01:12 [WARNING ] arbfinder.normalization.unresolved_log (unresolved_log.py:123): Unresolved home_team 'Arsenal (Taz) (Esports)' for book 'Betano' (event 91796852)
2026-09-02 23:01:12 [WARNING ] arbfinder.normalization.unresolved_log (unresolved_log.py:106): Normalization failed for book 'Betano' event 91796852 (team: Arsenal (Taz) (Esports) / Man City (Hyper) (Esports))
2026-09-02 23:01:12 [WARNING ] arbfinder.normalization.unresolved_log (unresolved_log.py:123): Unresolved home_team 'Arsenal (Taz) (Esports)' for book 'Betano' (event 91796852)
2026-09-02 23:01:12 [WARNING ] arbfinder.normalization.unresolved_log (unresolved_log.py:106): Normalization failed for book 'Betano' event 91796852 (team: Arsenal (Taz) (Esports) / Man City (Hyper) (Esports))
2026-09-02 23:01:12 [WARNING ] arbfinder.normalization.unresolved_log (unresolved_log.py:123): Unresolved home_team 'Arsenal (Taz) (Esports)' for book 'Betano' (event 91796852)
2026-09-02 23:01:12 [WARNING ] arbfinder.normalization.unresolved_log (unresolved_log.py:106): Normalization failed for book 'Betano' event 91796852 (team: Arsenal (Taz) (Esports) / Man City (Hyper) (Esports))
2026-09-02 23:01:12 [WARNING ] arbfinder.normalization.unresolved_log (unresolved_log.py:123): Unresolved home_team 'Arsenal (Taz) (Esports)' for book 'Betano' (event 91796852)
2026-09-02 23:01:12 [WARNING ] arbfinder.normalization.unresolved_log (unresolved_log.py:106): Normalization failed for book 'Betano' event 91796852 (team: Arsenal (Taz) (Esports) / Man City (Hyper) (Esports))
2026-09-02 23:01:12 [WARNING ] arbfinder.normalization.unresolved_log (unresolved_log.py:123): Unresolved home_team 'Arsenal (Taz) (Esports)' for book 'Betano' (event 91796852)
2026-09-02 23:01:12 [WARNING ] arbfinder.normalization.unresolved_log (unresolved_log.py:106): Normalization failed for book 'Betano' event 91796852 (team: Arsenal (Taz) (Esports) / Man City (Hyper) (Esports))
2026-09-02 23:01:12 [WARNING ] arbfinder.normalization.unresolved_log (unresolved_log.py:123): Unresolved home_team 'Arsenal (Taz) (Esports)' for book 'Betano' (event 91796852)
2026-09-02 23:01:12 [WARNING ] arbfinder.normalization.unresolved_log (unresolved_log.py:106): Normalization failed for book 'Betano' event 91796852 (team: Arsenal (Taz) (Esports) / Man City (Hyper) (Esports))
2026-09-02 23:01:12 [INFO    ] arbfinder.pipeline.book_pipeline (book_pipeline.py:285): [Betano] Disconnecting CDP client
2026-09-02 23:01:12 [INFO    ] arbfinder.cdp.client (client.py:186): CDP Websocket closed (code None): None
2026-09-02 23:01:12 [INFO    ] arbfinder.pipeline.book_pipeline (book_pipeline.py:285): [BetMGM] Disconnecting CDP client
2026-09-02 23:01:12 [INFO    ] arbfinder.cdp.client (client.py:186): CDP Websocket closed (code None): None
2026-09-02 23:01:12 [INFO    ] arbfinder.pipeline.book_pipeline (book_pipeline.py:285): [FanDuel] Disconnecting CDP client
2026-09-02 23:01:12 [INFO    ] arbfinder.cdp.client (client.py:186): CDP Websocket closed (code None): None
2026-09-02 23:01:13 [INFO    ] arbfinder.pipeline.book_pipeline (book_pipeline.py:285): [DraftKings] Disconnecting CDP client
2026-09-02 23:01:13 [INFO    ] arbfinder.cdp.client (client.py:186): CDP Websocket closed (code None): None
2026-09-02 23:01:13 [INFO    ] arbfinder.pipeline.orchestrator (orchestrator.py:295): Pipeline shutdown complete.
